// Jest Snapshot v1, https://goo.gl/fbAQLP

exports[`formatDatePair displays differences of dates 1`] = `"Mon, Feb 4, 2019, 11:41 AM CST"`;

exports[`formatDatePair displays differences of dates 2`] = `"Mon, Feb 4, 2019, 11:41 AM - Mon, Feb 4, 2:41 PM CST"`;

exports[`formatDatePair displays differences of dates 3`] = `"Mon, Feb 4, 2019, 11:41 AM - Tue, Feb 5, 2:41 PM CST"`;

exports[`formatDatePair displays differences of dates 4`] = `"Mon, Feb 4, 2019, 11:41 AM - Tue, Mar 5, 2:41 PM CST"`;

exports[`formatDatePair displays differences of dates 5`] = `"Mon, Feb 4, 2019, 11:41 AM - Sat, Feb 5, 2050, 2:41 PM CST"`;

exports[`formatDatePair displays differences of dates 6`] = `"Mon, Feb 4, 2019, 11:41 AM - Sun, Feb 5, 2023, 2:41 PM CST"`;

exports[`formatDatePair displays differences of dates 7`] = `"Sun, Feb 5, 2023, 2:41 PM - Sat, Feb 5, 2050, 2:41 PM CST"`;

exports[`formatDatePair displays differences of dates 8`] = `"Sun, Feb 5, 2:41 PM - Sun, Mar 5, 2:41 PM CST"`;
